   Ôû▓ Next.js 15.3.9
   - Environments: .env

   Creating an optimized production build ...
node.exe : Failed to 
compile.
En línea: 1 Carácter: 1
+ & "C:\Program 
Files\nodejs/node.exe" 
"C:\Users\tblue\AppData
\Roaming\ ...
+ ~~~~~~~~~~~~~~~~~~~~~
~~~~~~~~~~~~~~~~~~~~~~~
~~~~~~~~~~~~~~~~~~~~~~~
~~
    + CategoryInfo     
         : NotSpecifi  
  ed: (Failed to com   
 pile.:String) [],     
RemoteException
    + FullyQualifiedEr 
   rorId : NativeComm  
  andError
 

./components/inventory/
create-product-dialog.t
sx
Error:   [31mx[0m 
Unexpected token 
`Dialog`. Expected jsx 
identifier
    ,-[[36;1;4mC:\User
s\tblue\OneDrive\Im├íge
nes\casa80app\casa80-ap
p\components\inventory\
create-product-dialog.t
sx[0m:82:1]
 [2m79[0m |     }
 [2m80[0m | 
 [2m81[0m |     
return (
 [2m82[0m |         
<Dialog open={open} 
onOpenChange={setOpen}>
    : [35;1m         
^^^^^^[0m
 [2m83[0m |          
   <DialogTrigger 
asChild>
 [2m84[0m |          
       <Button>
 [2m84[0m |          
           <Plus 
className="h-4 w-4 
mr-2" />
    `----

Caused by:
    Syntax Error

Import trace for 
requested module:
./components/inventory/
create-product-dialog.t
sx
./components/inventory/
inventory-client.tsx

./components/inventory/
edit-product-dialog.tsx
Error:   [31mx[0m 
Unexpected token 
`Dialog`. Expected jsx 
identifier
    ,-[[36;1;4mC:\User
s\tblue\OneDrive\Im├íge
nes\casa80app\casa80-ap
p\components\inventory\
edit-product-dialog.tsx
[0m:84:1]
 [2m81[0m |     }
 [2m82[0m | 
 [2m83[0m |     
return (
 [2m84[0m |         
<Dialog open={open} 
onOpenChange={setOpen}>
    : [35;1m         
^^^^^^[0m
 [2m85[0m |          
   <DialogTrigger 
asChild>
 [2m86[0m |          
       {children ?? (
 [2m86[0m |          
           <Button 
variant="ghost" 
size="icon">
    `----

Caused by:
    Syntax Error

Import trace for 
requested module:
./components/inventory/
edit-product-dialog.tsx
./components/inventory/
inventory-client.tsx

./lib/prisma.ts
Module not found: 
Can't resolve 
'@prisma/client'

https://nextjs.org/docs
/messages/module-not-fo
und

Import trace for 
requested module:
./lib/actions.ts
./node_modules/next/dis
t/build/webpack/loaders
/next-flight-action-ent
ry-loader.js?actions=%5
B%5B%22C%3A%5C%5CUsers%
5C%5Ctblue%5C%5COneDriv
e%5C%5CIm%C3%A1genes%5C
%5Ccasa80app%5C%5Ccasa8
0-app%5C%5Clib%5C%5Cact
ions.ts%22%2C%5B%7B%22i
d%22%3A%22000d9c9eae509
cdb4a2083957f55822f81be
65d2d3%22%2C%22exported
Name%22%3A%22getEvents%
22%7D%2C%7B%22id%22%3A%
22001986837ba72f055bcb6
2058d21364e28522d6b24%2
2%2C%22exportedName%22%
3A%22getClientsForExpor
t%22%7D%2C%7B%22id%22%3
A%22005217856fed55c1b20
b8a01d2c9dc93ae122ea1fc
%22%2C%22exportedName%2
2%3A%22getInventoryForE
xport%22%7D%2C%7B%22id%
22%3A%2200ac8059af97273
da9556cfbbb9a1528cf6623
8607%22%2C%22exportedNa
me%22%3A%22getUsers%22%
7D%2C%7B%22id%22%3A%224
004dc20cd5ac5fd83d37d30
20fe95f50d8030b082%22%2
C%22exportedName%22%3A%
22createEvent%22%7D%2C%
7B%22id%22%3A%224007d9f
f4ac8293c4b3ad24ee75623
cd2d29315f70%22%2C%22ex
portedName%22%3A%22crea
teClient%22%7D%2C%7B%22
id%22%3A%22400cb132563a
03855a7340a54bc96641c86
ca16fb6%22%2C%22exporte
dName%22%3A%22getEventB
yId%22%7D%2C%7B%22id%22
%3A%22401afc8a3122ce5fc
d1d92ddfe7e68b4dc341235
f1%22%2C%22exportedName
%22%3A%22registerUser%2
2%7D%2C%7B%22id%22%3A%2
2402b9d93df45aec9ea6953
8fe25654639f602a0caf%22
%2C%22exportedName%22%3
A%22getInventoryLogs%22
%7D%2C%7B%22id%22%3A%22
406108df18b34291fb0cacf
b26b8c5d68895f40ce9%22%
2C%22exportedName%22%3A
%22markDamageAsRestored
%22%7D%2C%7B%22id%22%3A
%22406a4db341d6df233cc0
028f0603f921cb40abf235%
22%2C%22exportedName%22
%3A%22getEventHistory%2
2%7D%2C%7B%22id%22%3A%2
2407aab1e493f11f5f7ec1c
36e21ae3603e072a5f40%22
%2C%22exportedName%22%3
A%22importInventoryFrom
Excel%22%7D%2C%7B%22id%
22%3A%224099ec4cefb8607
536867725c2f2c6b734c7c5
89a0%22%2C%22exportedNa
me%22%3A%22getDashboard
Stats%22%7D%2C%7B%22id%
22%3A%22409aba1822e26c7
07073671e9a058a6f95bc43
1000%22%2C%22exportedNa
me%22%3A%22getClients%2
2%7D%2C%7B%22id%22%3A%2
240b35e079e926dfc64e345
4529131c42a0e46411d2%22
%2C%22exportedName%22%3
A%22getProducts%22%7D%2
C%7B%22id%22%3A%2240d89
434dc6a0fe6ef89a4de4630
727c670fb50235%22%2C%22
exportedName%22%3A%22ge
tDamagedProductsHistory
%22%7D%2C%7B%22id%22%3A
%2240db97dd479fd88fa075
ea5e800acff01b5f756e9f%
22%2C%22exportedName%22
%3A%22createProduct%22%
7D%2C%7B%22id%22%3A%224
0e286eb6057982e2ba94d5c
ed4e5ccf6924b432a4%22%2
C%22exportedName%22%3A%
22deleteUser%22%7D%2C%7
B%22id%22%3A%2240e4ae30
ba7cf9b227d0aa1af215213
c71b2f3a8fb%22%2C%22exp
ortedName%22%3A%22getDa
magedProductsForExport%
22%7D%2C%7B%22id%22%3A%
2240ea65eeb11ea397d0322
797e48f2d1f90c4150feb%2
2%2C%22exportedName%22%
3A%22deleteProduct%22%7
D%2C%7B%22id%22%3A%2240
f85aa957690f7b5aeecb829
c1dd84551b7848721%22%2C
%22exportedName%22%3A%2
2getEventsForExport%22%
7D%2C%7B%22id%22%3A%224
0f90cff30aef6e8c950eee3
b47ff48d3827e01873%22%2
C%22exportedName%22%3A%
22toggleUserActive%22%7
D%2C%7B%22id%22%3A%2260
45d64c1bc212b8c00dd9c83
6b211f94ed2ca87c7%22%2C
%22exportedName%22%3A%2
2updateEvent%22%7D%2C%7
B%22id%22%3A%226048a98e
8f1068504b359208217d061
39fae07f8b6%22%2C%22exp
ortedName%22%3A%22updat
eUser%22%7D%2C%7B%22id%
22%3A%226058a652605d7d5
3d1c9b53f5161a637766100
c904%22%2C%22exportedNa
me%22%3A%22authenticate
%22%7D%2C%7B%22id%22%3A
%22606803cd7e8e40af436a
0645b855d43cb1888af1e0%
22%2C%22exportedName%22
%3A%22updateProduct%22%
7D%2C%7B%22id%22%3A%226
0b13547f2a52fc0af9982e3
b30182362f4f2b3862%22%2
C%22exportedName%22%3A%
22registerReturn%22%7D%
2C%7B%22id%22%3A%2260ce
03f604f913f086f2df2ccbc
ce8cb8ef2bfcd01%22%2C%2
2exportedName%22%3A%22u
pdateEventStatus%22%7D%
5D%5D%5D&__client_impor
ted__=true!

./lib/prisma.ts
Module not found: 
Can't resolve 
'@prisma/client'

https://nextjs.org/docs
/messages/module-not-fo
und

Import trace for 
requested module:
./app/api/inventory/exp
ort/route.ts


> Build failed because 
of webpack errors
